download RNAcentral
download rfam
download nt
nt.gz: OK
nt.000.tar.gz: OK
nt.001.tar.gz: OK
nt.002.tar.gz: OK
nt.003.tar.gz: OK
nt.004.tar.gz: OK
nt.005.tar.gz: OK
nt.006.tar.gz: OK
nt.007.tar.gz: OK
nt.008.tar.gz: OK
nt.009.tar.gz: OK
nt.010.tar.gz: OK
nt.011.tar.gz: OK
nt.012.tar.gz: OK
nt.013.tar.gz: OK
nt.014.tar.gz: OK
nt.015.tar.gz: OK
nt.016.tar.gz: OK
nt.017.tar.gz: OK
nt.018.tar.gz: OK
nt.019.tar.gz: OK
nt.020.tar.gz: OK
nt.021.tar.gz: OK
nt.022.tar.gz: OK
nt.023.tar.gz: OK
nt.024.tar.gz: OK
nt.025.tar.gz: OK
nt.026.tar.gz: OK
nt.027.tar.gz: OK
nt.028.tar.gz: OK
nt.029.tar.gz: OK
nt.030.tar.gz: OK
nt.031.tar.gz: OK
nt.032.tar.gz: OK
nt.033.tar.gz: OK
nt.034.tar.gz: OK
nt.035.tar.gz: OK
nt.036.tar.gz: OK
nt.037.tar.gz: OK
nt.038.tar.gz: OK
nt.039.tar.gz: OK
nt.040.tar.gz: OK
nt.041.tar.gz: OK
nt.042.tar.gz: OK
nt.043.tar.gz: OK
nt.044.tar.gz: OK
nt.045.tar.gz: OK
nt.046.tar.gz: OK
nt.047.tar.gz: OK
nt.048.tar.gz: OK
nt.049.tar.gz: OK
nt.050.tar.gz: OK
nt.051.tar.gz: OK
nt.052.tar.gz: OK
nt.053.tar.gz: OK
nt.054.tar.gz: OK
nt.055.tar.gz: OK
nt.056.tar.gz: OK
nt.057.tar.gz: OK
nt.058.tar.gz: OK
nt.059.tar.gz: OK
nt.060.tar.gz: OK
nt.061.tar.gz: OK
nt.062.tar.gz: OK
nt.063.tar.gz: OK
nt.064.tar.gz: OK
nt.065.tar.gz: OK
nt.066.tar.gz: OK
nt.067.tar.gz: OK
nt.068.tar.gz: OK
nt.069.tar.gz: OK
nt.070.tar.gz: OK
nt.071.tar.gz: OK
nt.072.tar.gz: OK
nt.073.tar.gz: OK
nt.074.tar.gz: OK
nt.075.tar.gz: OK
nt.076.tar.gz: OK
nt.077.tar.gz: OK
nt.078.tar.gz: OK
nt.079.tar.gz: OK
nt.080.tar.gz: OK
nt.081.tar.gz: OK
nt.082.tar.gz: OK
nt.083.tar.gz: OK
nt.084.tar.gz: OK
nt.085.tar.gz: OK
nt.086.tar.gz: OK
nt.087.tar.gz: OK
nt.088.tar.gz: OK
nt.089.tar.gz: OK
nt.090.tar.gz: OK
nt.091.tar.gz: OK
nt.092.tar.gz: OK
nt.093.tar.gz: OK
nt.094.tar.gz: OK
nt.095.tar.gz: OK
nt.096.tar.gz: OK
nt.097.tar.gz: OK
nt.098.tar.gz: OK
nt.099.tar.gz: OK
nt.100.tar.gz: OK
nt.101.tar.gz: OK
nt.102.tar.gz: OK
nt.103.tar.gz: OK
nt.104.tar.gz: OK
nt.105.tar.gz: OK
nt.106.tar.gz: OK
nt.107.tar.gz: OK
nt.108.tar.gz: OK
nt.109.tar.gz: OK
nt.110.tar.gz: OK
nt.111.tar.gz: OK
nt.112.tar.gz: OK
nt.113.tar.gz: OK
nt.114.tar.gz: OK
nt.115.tar.gz: OK
nt.116.tar.gz: OK
nt.117.tar.gz: OK
nt.118.tar.gz: OK
nt.119.tar.gz: OK
nt.120.tar.gz: OK
nt.121.tar.gz: OK
nt.122.tar.gz: OK
nt.123.tar.gz: OK
nt.124.tar.gz: OK
nt.125.tar.gz: OK
nt.126.tar.gz: OK
nt.127.tar.gz: OK
nt.128.tar.gz: OK
nt.129.tar.gz: OK
nt.130.tar.gz: OK
nt.131.tar.gz: OK
nt.132.tar.gz: OK
nt.133.tar.gz: OK
nt.134.tar.gz: OK
nt.135.tar.gz: OK
nt.136.tar.gz: OK
nt.137.tar.gz: OK
nt.138.tar.gz: OK
nt.139.tar.gz: OK
nt.140.tar.gz: OK
nt.141.tar.gz: OK
nt.142.tar.gz: OK
nt.143.tar.gz: OK
nt.144.tar.gz: OK
nt.145.tar.gz: OK
nt.146.tar.gz: OK
nt.147.tar.gz: OK
nt.148.tar.gz: OK
nt.149.tar.gz: OK
nt.150.tar.gz: OK
nt.151.tar.gz: OK
nt.152.tar.gz: OK
nt.153.tar.gz: OK
nt.154.tar.gz: OK
nt.155.tar.gz: OK
nt.156.tar.gz: OK
nt.157.tar.gz: OK
nt.158.tar.gz: OK
nt.159.tar.gz: OK
nt.160.tar.gz: OK
nt.161.tar.gz: OK
nt.162.tar.gz: OK
nt.163.tar.gz: OK
nt.164.tar.gz: OK
nt.165.tar.gz: OK
nt.166.tar.gz: OK
nt.167.tar.gz: OK
nt.168.tar.gz: OK
nt.169.tar.gz: OK
nt.170.tar.gz: OK
nt.171.tar.gz: OK
nt.172.tar.gz: OK
nt.173.tar.gz: OK
nt.174.tar.gz: OK
nt.175.tar.gz: OK
nt.176.tar.gz: OK
nt.177.tar.gz: OK
nt.178.tar.gz: OK
nt.179.tar.gz: OK
nt.180.tar.gz: OK
nt.181.tar.gz: OK
nt.182.tar.gz: OK
nt.183.tar.gz: OK
nt.184.tar.gz: OK
nt.185.tar.gz: OK
nt.186.tar.gz: OK
nt.187.tar.gz: OK
nt.188.tar.gz: OK
nt.189.tar.gz: OK
nt.190.tar.gz: OK
nt.191.tar.gz: OK
nt.192.tar.gz: OK
nt.193.tar.gz: OK
nt.194.tar.gz: OK
nt.195.tar.gz: OK
nt.196.tar.gz: OK
nt.197.tar.gz: OK
nt.198.tar.gz: OK
nt.199.tar.gz: OK
nt.200.tar.gz: OK
nt.201.tar.gz: OK
nt.202.tar.gz: OK
nt.203.tar.gz: OK
nt.204.tar.gz: OK
nt.205.tar.gz: OK
nt.206.tar.gz: OK
nt.207.tar.gz: OK
nt.208.tar.gz: OK
nt.209.tar.gz: OK
nt.210.tar.gz: OK
nt.211.tar.gz: OK
nt.212.tar.gz: OK
nt.213.tar.gz: OK
nt.214.tar.gz: OK
nt.215.tar.gz: OK
nt.216.tar.gz: OK
nt.217.tar.gz: OK
nt.218.tar.gz: OK
nt.219.tar.gz: OK
nt.220.tar.gz: OK
nt.221.tar.gz: OK
nt.222.tar.gz: OK
nt.223.tar.gz: OK
nt.224.tar.gz: OK
nt.225.tar.gz: OK
nt.226.tar.gz: OK
nt.227.tar.gz: OK
nt.228.tar.gz: OK
nt.229.tar.gz: OK
nt.230.tar.gz: OK
nt.231.tar.gz: OK
nt.232.tar.gz: OK
nt.233.tar.gz: OK
nt.234.tar.gz: OK
nt.235.tar.gz: FAILED
md5sum: WARNING: 1 computed checksum did NOT match
nt.236.tar.gz: OK
nt.237.tar.gz: OK
nt.238.tar.gz: OK
nt.239.tar.gz: OK
extract fasta
/work/02/gs58/s58009/rhofold/database/bin/curate.sh: line 9: /work/02/gs58/s58009/rhofold/database/bin/fastaNA: Permission denied
/work/02/gs58/s58009/rhofold/database/bin/curate.sh: line 9: /work/02/gs58/s58009/rhofold/database/bin/catRNAcentral: Permission denied
makeblastdb
/work/02/gs58/s58009/rhofold/database/bin/curate.sh: line 14: /work/02/gs58/s58009/rhofold/database/bin/makeblastdb: Permission denied
unzip Rfam
rm: cannot remove 'Rfam.cm.*': No such file or directory
/work/02/gs58/s58009/rhofold/database/bin/curate.sh: line 21: /work/02/gs58/s58009/rhofold/database/bin/cmpress: Permission denied
extract nt
nt.nal
nt.ndb
nt.nos
nt.not
nt.ntf
nt.nto
nt.njs
taxdb.btd
taxdb.bti
taxonomy4blast.sqlite3
nt.000.nin
nt.000.nhr
nt.000.nsq
nt.000.nni
nt.000.nnd
nt.000.nhi
nt.000.nhd
nt.000.nog
nt.000.nxm
nt.001.nin
nt.001.nhr
nt.001.nsq
nt.001.nni
nt.001.nnd
nt.001.nhi
nt.001.nhd
nt.001.nog
nt.001.nxm
nt.002.nin
nt.002.nhr
nt.002.nsq
nt.002.nni
nt.002.nnd
nt.002.nhi
nt.002.nhd
nt.002.nog
nt.002.nxm
nt.003.nin
nt.003.nhr
nt.003.nsq
nt.003.nni
nt.003.nnd
nt.003.nhi
nt.003.nhd
nt.003.nog
nt.003.nxm
nt.004.nin
nt.004.nhr
nt.004.nsq
nt.004.nni
nt.004.nnd
nt.004.nhi
nt.004.nhd
nt.004.nog
nt.004.nxm
nt.005.nin
nt.005.nhr
nt.005.nsq
nt.005.nni
nt.005.nnd
nt.005.nhi
nt.005.nhd
nt.005.nog
nt.005.nxm
nt.006.nin
nt.006.nhr
nt.006.nsq
nt.006.nni
nt.006.nnd
nt.006.nhi
nt.006.nhd
nt.006.nog
nt.006.nxm
nt.007.nin
nt.007.nhr
nt.007.nsq
nt.007.nni
nt.007.nnd
nt.007.nhi
nt.007.nhd
nt.007.nog
nt.007.nxm
nt.008.nin
nt.008.nhr
nt.008.nsq
nt.008.nni
nt.008.nnd
nt.008.nhi
nt.008.nhd
nt.008.nog
nt.008.nxm
nt.009.nin
nt.009.nhr
nt.009.nsq
nt.009.nni
nt.009.nnd
nt.009.nhi
nt.009.nhd
nt.009.nog
nt.009.nxm
nt.010.nin
nt.010.nhr
nt.010.nsq
nt.010.nni
nt.010.nnd
nt.010.nhi
nt.010.nhd
nt.010.nog
nt.010.nxm
nt.011.nin
nt.011.nhr
nt.011.nsq
nt.011.nni
nt.011.nnd
nt.011.nhi
nt.011.nhd
nt.011.nog
nt.011.nxm
nt.012.nin
nt.012.nhr
nt.012.nsq
nt.012.nni
nt.012.nnd
nt.012.nhi
nt.012.nhd
nt.012.nog
nt.012.nxm
nt.013.nin
nt.013.nhr
nt.013.nsq
nt.013.nni
nt.013.nnd
nt.013.nhi
nt.013.nhd
nt.013.nog
nt.013.nxm
nt.014.nin
nt.014.nhr
nt.014.nsq
nt.014.nni
nt.014.nnd
nt.014.nhi
nt.014.nhd
nt.014.nog
nt.014.nxm
nt.015.nin
nt.015.nhr
nt.015.nsq
nt.015.nni
nt.015.nnd
nt.015.nhi
nt.015.nhd
nt.015.nog
nt.015.nxm
nt.016.nin
nt.016.nhr
nt.016.nsq
nt.016.nni
nt.016.nnd
nt.016.nhi
nt.016.nhd
nt.016.nog
nt.016.nxm
nt.017.nin
nt.017.nhr
nt.017.nsq
nt.017.nni
nt.017.nnd
nt.017.nhi
nt.017.nhd
nt.017.nog
nt.017.nxm
nt.018.nin
nt.018.nhr
nt.018.nsq
nt.018.nni
nt.018.nnd
nt.018.nhi
nt.018.nhd
nt.018.nog
nt.018.nxm
nt.019.nin
nt.019.nhr
nt.019.nsq
nt.019.nni
nt.019.nnd
nt.019.nhi
nt.019.nhd
nt.019.nog
nt.019.nxm
nt.020.nin
nt.020.nhr
nt.020.nsq
nt.020.nni
nt.020.nnd
nt.020.nhi
nt.020.nhd
nt.020.nog
nt.020.nxm
nt.021.nin
nt.021.nhr
nt.021.nsq
nt.021.nni
nt.021.nnd
nt.021.nhi
nt.021.nhd
nt.021.nog
nt.021.nxm
nt.022.nin
nt.022.nhr
nt.022.nsq
nt.022.nni
nt.022.nnd
nt.022.nhi
nt.022.nhd
nt.022.nog
nt.022.nxm
nt.023.nin
nt.023.nhr
nt.023.nsq
nt.023.nni
nt.023.nnd
nt.023.nhi
nt.023.nhd
nt.023.nog
nt.023.nxm
nt.024.nin
nt.024.nhr
nt.024.nsq
nt.024.nni
nt.024.nnd
nt.024.nhi
nt.024.nhd
nt.024.nog
nt.024.nxm
nt.025.nin
nt.025.nhr
nt.025.nsq
nt.025.nni
nt.025.nnd
nt.025.nhi
nt.025.nhd
nt.025.nog
nt.025.nxm
nt.026.nin
nt.026.nhr
nt.026.nsq
nt.026.nni
nt.026.nnd
nt.026.nhi
nt.026.nhd
nt.026.nog
nt.026.nxm
nt.027.nin
nt.027.nhr
nt.027.nsq
nt.027.nni
nt.027.nnd
nt.027.nhi
nt.027.nhd
nt.027.nog
nt.027.nxm
nt.028.nin
nt.028.nhr
nt.028.nsq
nt.028.nni
nt.028.nnd
nt.028.nhi
nt.028.nhd
nt.028.nog
nt.028.nxm
nt.029.nin
nt.029.nhr
nt.029.nsq
nt.029.nni
nt.029.nnd
nt.029.nhi
nt.029.nhd
nt.029.nog
nt.029.nxm
nt.030.nin
nt.030.nhr
nt.030.nsq
nt.030.nni
nt.030.nnd
nt.030.nhi
nt.030.nhd
nt.030.nog
nt.030.nxm
nt.031.nin
nt.031.nhr
nt.031.nsq
nt.031.nni
nt.031.nnd
nt.031.nhi
nt.031.nhd
nt.031.nog
nt.031.nxm
nt.032.nin
nt.032.nhr
nt.032.nsq
nt.032.nni
nt.032.nnd
nt.032.nhi
nt.032.nhd
nt.032.nog
nt.032.nxm
nt.033.nin
nt.033.nhr
nt.033.nsq
nt.033.nni
nt.033.nnd
nt.033.nhi
nt.033.nhd
nt.033.nog
nt.033.nxm
nt.034.nin
nt.034.nhr
nt.034.nsq
nt.034.nni
nt.034.nnd
nt.034.nhi
nt.034.nhd
nt.034.nog
nt.034.nxm
nt.035.nin
nt.035.nhr
nt.035.nsq
nt.035.nni
nt.035.nnd
nt.035.nhi
nt.035.nhd
nt.035.nog
nt.035.nxm
nt.036.nin
nt.036.nhr
nt.036.nsq
nt.036.nni
nt.036.nnd
nt.036.nhi
nt.036.nhd
nt.036.nog
nt.036.nxm
nt.037.nin
nt.037.nhr
nt.037.nsq
nt.037.nni
nt.037.nnd
nt.037.nhi
nt.037.nhd
nt.037.nog
nt.037.nxm
nt.038.nin
nt.038.nhr
nt.038.nsq
nt.038.nni
nt.038.nnd
nt.038.nhi
nt.038.nhd
nt.038.nog
nt.038.nxm
nt.039.nin
nt.039.nhr
nt.039.nsq
nt.039.nni
nt.039.nnd
nt.039.nhi
nt.039.nhd
nt.039.nog
nt.039.nxm
nt.040.nin
nt.040.nhr
nt.040.nsq
nt.040.nni
nt.040.nnd
nt.040.nhi
nt.040.nhd
nt.040.nog
nt.040.nxm
nt.041.nin
nt.041.nhr
nt.041.nsq
nt.041.nni
nt.041.nnd
nt.041.nhi
nt.041.nhd
nt.041.nog
nt.041.nxm
nt.042.nin
nt.042.nhr
nt.042.nsq
nt.042.nni
nt.042.nnd
nt.042.nhi
nt.042.nhd
nt.042.nog
nt.042.nxm
nt.043.nin
nt.043.nhr
nt.043.nsq
nt.043.nni
nt.043.nnd
nt.043.nhi
nt.043.nhd
nt.043.nog
nt.043.nxm
nt.044.nin
nt.044.nhr
nt.044.nsq
nt.044.nni
nt.044.nnd
nt.044.nhi
nt.044.nhd
nt.044.nog
nt.044.nxm
nt.045.nin
nt.045.nhr
nt.045.nsq
nt.045.nni
nt.045.nnd
nt.045.nhi
nt.045.nhd
nt.045.nog
nt.045.nxm
nt.046.nin
nt.046.nhr
nt.046.nsq
nt.046.nni
nt.046.nnd
nt.046.nhi
nt.046.nhd
nt.046.nog
nt.046.nxm
nt.047.nin
nt.047.nhr
nt.047.nsq
nt.047.nni
nt.047.nnd
nt.047.nhi
nt.047.nhd
nt.047.nog
nt.047.nxm
nt.048.nin
nt.048.nhr
nt.048.nsq
nt.048.nni
nt.048.nnd
nt.048.nhi
nt.048.nhd
nt.048.nog
nt.048.nxm
nt.049.nin
nt.049.nhr
nt.049.nsq
nt.049.nni
nt.049.nnd
nt.049.nhi
nt.049.nhd
nt.049.nog
nt.049.nxm
nt.050.nin
nt.050.nhr
nt.050.nsq
nt.050.nni
nt.050.nnd
nt.050.nhi
nt.050.nhd
nt.050.nog
nt.050.nxm
nt.051.nin
nt.051.nhr
nt.051.nsq
nt.051.nni
nt.051.nnd
nt.051.nhi
nt.051.nhd
nt.051.nog
nt.051.nxm
nt.052.nin
nt.052.nhr
nt.052.nsq
nt.052.nni
nt.052.nnd
nt.052.nhi
nt.052.nhd
nt.052.nog
nt.052.nxm
nt.053.nin
nt.053.nhr
nt.053.nsq
nt.053.nni
nt.053.nnd
nt.053.nhi
nt.053.nhd
nt.053.nog
nt.053.nxm
nt.054.nin
nt.054.nhr
nt.054.nsq
nt.054.nni
nt.054.nnd
nt.054.nhi
nt.054.nhd
nt.054.nog
nt.054.nxm
nt.055.nin
nt.055.nhr
nt.055.nsq
nt.055.nni
nt.055.nnd
nt.055.nhi
nt.055.nhd
nt.055.nog
nt.055.nxm
nt.056.nin
nt.056.nhr
nt.056.nsq
nt.056.nni
nt.056.nnd
nt.056.nhi
nt.056.nhd
nt.056.nog
nt.056.nxm
nt.057.nin
nt.057.nhr
nt.057.nsq
nt.057.nni
nt.057.nnd
nt.057.nhi
nt.057.nhd
nt.057.nog
nt.057.nxm
nt.058.nin
nt.058.nhr
nt.058.nsq
nt.058.nni
nt.058.nnd
nt.058.nhi
nt.058.nhd
nt.058.nog
nt.058.nxm
nt.059.nin
nt.059.nhr
nt.059.nsq
nt.059.nni
nt.059.nnd
nt.059.nhi
nt.059.nhd
nt.059.nog
nt.059.nxm
nt.060.nin
nt.060.nhr
nt.060.nsq
nt.060.nni
nt.060.nnd
nt.060.nhi
nt.060.nhd
nt.060.nog
nt.060.nxm
nt.061.nin
nt.061.nhr
nt.061.nsq
nt.061.nni
nt.061.nnd
nt.061.nhi
nt.061.nhd
nt.061.nog
nt.061.nxm
nt.062.nin
nt.062.nhr
nt.062.nsq
nt.062.nni
nt.062.nnd
nt.062.nhi
nt.062.nhd
nt.062.nog
nt.062.nxm
nt.063.nin
nt.063.nhr
nt.063.nsq
nt.063.nni
nt.063.nnd
nt.063.nhi
nt.063.nhd
nt.063.nog
nt.063.nxm
nt.064.nin
nt.064.nhr
nt.064.nsq
nt.064.nni
nt.064.nnd
nt.064.nhi
nt.064.nhd
nt.064.nog
nt.064.nxm
nt.065.nin
nt.065.nhr
nt.065.nsq
nt.065.nni
nt.065.nnd
nt.065.nhi
nt.065.nhd
nt.065.nog
nt.065.nxm
nt.066.nin
nt.066.nhr
nt.066.nsq
nt.066.nni
nt.066.nnd
nt.066.nhi
nt.066.nhd
nt.066.nog
nt.066.nxm
nt.067.nin
nt.067.nhr
nt.067.nsq
nt.067.nni
nt.067.nnd
nt.067.nhi
nt.067.nhd
nt.067.nog
nt.067.nxm
nt.068.nin
nt.068.nhr
nt.068.nsq
nt.068.nni
nt.068.nnd
nt.068.nhi
nt.068.nhd
nt.068.nog
nt.068.nxm
nt.069.nin
nt.069.nhr
nt.069.nsq
nt.069.nni
nt.069.nnd
nt.069.nhi
nt.069.nhd
nt.069.nog
nt.069.nxm
nt.070.nin
nt.070.nhr
nt.070.nsq
nt.070.nni
nt.070.nnd
nt.070.nhi
nt.070.nhd
nt.070.nog
nt.070.nxm
nt.071.nin
nt.071.nhr
nt.071.nsq
nt.071.nni
nt.071.nnd
nt.071.nhi
nt.071.nhd
nt.071.nog
nt.071.nxm
nt.072.nin
nt.072.nhr
nt.072.nsq
nt.072.nni
nt.072.nnd
nt.072.nhi
nt.072.nhd
nt.072.nog
nt.072.nxm
nt.073.nin
nt.073.nhr
nt.073.nsq
nt.073.nni
nt.073.nnd
nt.073.nhi
nt.073.nhd
nt.073.nog
nt.073.nxm
nt.074.nin
nt.074.nhr
nt.074.nsq
nt.074.nni
nt.074.nnd
nt.074.nhi
nt.074.nhd
nt.074.nog
nt.074.nxm
nt.075.nin
nt.075.nhr
nt.075.nsq
nt.075.nni
nt.075.nnd
nt.075.nhi
nt.075.nhd
nt.075.nog
nt.075.nxm
nt.076.nin
nt.076.nhr
nt.076.nsq
nt.076.nni
nt.076.nnd
nt.076.nhi
nt.076.nhd
nt.076.nog
nt.076.nxm
nt.077.nin
nt.077.nhr
nt.077.nsq
nt.077.nni
nt.077.nnd
nt.077.nhi
nt.077.nhd
nt.077.nog
nt.077.nxm
nt.078.nin
nt.078.nhr
nt.078.nsq
nt.078.nni
nt.078.nnd
nt.078.nhi
nt.078.nhd
nt.078.nog
nt.078.nxm
nt.079.nin
nt.079.nhr
nt.079.nsq
nt.079.nni
nt.079.nnd
nt.079.nhi
nt.079.nhd
nt.079.nog
nt.079.nxm
nt.080.nin
nt.080.nhr
nt.080.nsq
nt.080.nni
nt.080.nnd
nt.080.nhi
nt.080.nhd
nt.080.nog
nt.080.nxm
nt.081.nin
nt.081.nhr
nt.081.nsq
nt.081.nni
nt.081.nnd
nt.081.nhi
nt.081.nhd
nt.081.nog
nt.081.nxm
nt.082.nin
nt.082.nhr
nt.082.nsq
nt.082.nni
nt.082.nnd
nt.082.nhi
nt.082.nhd
nt.082.nog
nt.082.nxm
nt.083.nin
nt.083.nhr
nt.083.nsq
nt.083.nni
nt.083.nnd
nt.083.nhi
nt.083.nhd
nt.083.nog
nt.083.nxm
nt.084.nin
nt.084.nhr
nt.084.nsq
nt.084.nni
nt.084.nnd
nt.084.nhi
nt.084.nhd
nt.084.nog
nt.084.nxm
nt.085.nin
nt.085.nhr
nt.085.nsq
nt.085.nni
nt.085.nnd
nt.085.nhi
nt.085.nhd
nt.085.nog
nt.085.nxm
nt.086.nin
nt.086.nhr
nt.086.nsq
nt.086.nni
nt.086.nnd
nt.086.nhi
nt.086.nhd
nt.086.nog
nt.086.nxm
nt.087.nin
nt.087.nhr
nt.087.nsq
nt.087.nni
nt.087.nnd
nt.087.nhi
nt.087.nhd
nt.087.nog
nt.087.nxm
nt.088.nin
nt.088.nhr
nt.088.nsq
nt.088.nni
nt.088.nnd
nt.088.nhi
nt.088.nhd
nt.088.nog
nt.088.nxm
nt.089.nin
nt.089.nhr
nt.089.nsq
nt.089.nni
nt.089.nnd
nt.089.nhi
nt.089.nhd
nt.089.nog
nt.089.nxm
nt.090.nin
nt.090.nhr
nt.090.nsq
nt.090.nni
nt.090.nnd
nt.090.nhi
nt.090.nhd
nt.090.nog
nt.090.nxm
nt.091.nin
nt.091.nhr
nt.091.nsq
nt.091.nni
nt.091.nnd
nt.091.nhi
nt.091.nhd
nt.091.nog
nt.091.nxm
nt.092.nin
nt.092.nhr
nt.092.nsq
nt.092.nni
nt.092.nnd
nt.092.nhi
nt.092.nhd
nt.092.nog
nt.092.nxm
nt.093.nin
nt.093.nhr
nt.093.nsq
nt.093.nni
nt.093.nnd
nt.093.nhi
nt.093.nhd
nt.093.nog
nt.093.nxm
nt.094.nin
nt.094.nhr
nt.094.nsq
nt.094.nni
nt.094.nnd
nt.094.nhi
nt.094.nhd
nt.094.nog
nt.094.nxm
nt.095.nin
nt.095.nhr
nt.095.nsq
nt.095.nni
nt.095.nnd
nt.095.nhi
nt.095.nhd
nt.095.nog
nt.095.nxm
nt.096.nin
nt.096.nhr
nt.096.nsq
nt.096.nni
nt.096.nnd
nt.096.nhi
nt.096.nhd
nt.096.nog
nt.096.nxm
nt.097.nin
nt.097.nhr
nt.097.nsq
nt.097.nni
nt.097.nnd
nt.097.nhi
nt.097.nhd
nt.097.nog
nt.097.nxm
nt.098.nin
nt.098.nhr
nt.098.nsq
nt.098.nni
nt.098.nnd
nt.098.nhi
nt.098.nhd
nt.098.nog
nt.098.nxm
nt.099.nin
nt.099.nhr
nt.099.nsq
nt.099.nni
nt.099.nnd
nt.099.nhi
nt.099.nhd
nt.099.nog
nt.099.nxm
nt.100.nin
nt.100.nhr
nt.100.nsq
nt.100.nni
nt.100.nnd
nt.100.nhi
nt.100.nhd
nt.100.nog
nt.100.nxm
nt.101.nin
nt.101.nhr
nt.101.nsq
nt.101.nni
nt.101.nnd
nt.101.nhi
nt.101.nhd
nt.101.nog
nt.101.nxm
nt.102.nin
nt.102.nhr
nt.102.nsq
nt.102.nni
nt.102.nnd
nt.102.nhi
nt.102.nhd
nt.102.nog
nt.102.nxm
nt.103.nin
nt.103.nhr
nt.103.nsq
nt.103.nni
nt.103.nnd
nt.103.nhi
nt.103.nhd
nt.103.nog
nt.103.nxm
nt.104.nin
nt.104.nhr
nt.104.nsq
nt.104.nni
nt.104.nnd
nt.104.nhi
nt.104.nhd
nt.104.nog
nt.104.nxm
nt.105.nin
nt.105.nhr
nt.105.nsq
nt.105.nni
nt.105.nnd
nt.105.nhi
nt.105.nhd
nt.105.nog
nt.105.nxm
nt.106.nin
nt.106.nhr
nt.106.nsq
nt.106.nni
nt.106.nnd
nt.106.nhi
nt.106.nhd
nt.106.nog
nt.106.nxm
nt.107.nin
nt.107.nhr
nt.107.nsq
nt.107.nni
nt.107.nnd
nt.107.nhi
nt.107.nhd
nt.107.nog
nt.107.nxm
nt.108.nin
nt.108.nhr
nt.108.nsq
nt.108.nni
nt.108.nnd
nt.108.nhi
nt.108.nhd
nt.108.nog
nt.108.nxm
nt.109.nin
nt.109.nhr
nt.109.nsq
nt.109.nni
nt.109.nnd
nt.109.nhi
nt.109.nhd
nt.109.nog
nt.109.nxm
nt.110.nin
nt.110.nhr
nt.110.nsq
nt.110.nni
nt.110.nnd
nt.110.nhi
nt.110.nhd
nt.110.nog
nt.110.nxm
nt.111.nin
nt.111.nhr
nt.111.nsq
nt.111.nni
nt.111.nnd
nt.111.nhi
nt.111.nhd
nt.111.nog
nt.111.nxm
nt.112.nin
nt.112.nhr
nt.112.nsq
nt.112.nni
nt.112.nnd
nt.112.nhi
nt.112.nhd
nt.112.nog
nt.112.nxm
nt.113.nin
nt.113.nhr
nt.113.nsq
nt.113.nni
nt.113.nnd
nt.113.nhi
nt.113.nhd
nt.113.nog
nt.113.nxm
nt.114.nin
nt.114.nhr
nt.114.nsq
nt.114.nni
nt.114.nnd
nt.114.nhi
nt.114.nhd
nt.114.nog
nt.114.nxm
nt.115.nin
nt.115.nhr
nt.115.nsq
nt.115.nni
nt.115.nnd
nt.115.nhi
nt.115.nhd
nt.115.nog
nt.115.nxm
nt.116.nin
nt.116.nhr
nt.116.nsq
nt.116.nni
nt.116.nnd
nt.116.nhi
nt.116.nhd
nt.116.nog
nt.116.nxm
nt.117.nin
nt.117.nhr
nt.117.nsq
nt.117.nni
nt.117.nnd
nt.117.nhi
nt.117.nhd
nt.117.nog
nt.117.nxm
nt.118.nin
nt.118.nhr
nt.118.nsq
nt.118.nni
nt.118.nnd
nt.118.nhi
nt.118.nhd
nt.118.nog
nt.118.nxm
nt.119.nin
nt.119.nhr
nt.119.nsq
nt.119.nni
nt.119.nnd
nt.119.nhi
nt.119.nhd
nt.119.nog
nt.119.nxm
nt.120.nin
nt.120.nhr
nt.120.nsq
nt.120.nni
nt.120.nnd
nt.120.nhi
nt.120.nhd
nt.120.nog
nt.120.nxm
nt.121.nin
nt.121.nhr
nt.121.nsq
nt.121.nni
nt.121.nnd
nt.121.nhi
nt.121.nhd
nt.121.nog
nt.121.nxm
nt.122.nin
nt.122.nhr
nt.122.nsq
nt.122.nni
nt.122.nnd
nt.122.nhi
nt.122.nhd
nt.122.nog
nt.122.nxm
nt.123.nin
nt.123.nhr
nt.123.nsq
nt.123.nni
nt.123.nnd
nt.123.nhi
nt.123.nhd
nt.123.nog
nt.123.nxm
nt.124.nin
nt.124.nhr
nt.124.nsq
nt.124.nni
nt.124.nnd
nt.124.nhi
nt.124.nhd
nt.124.nog
nt.124.nxm
nt.125.nin
nt.125.nhr
nt.125.nsq
nt.125.nni
nt.125.nnd
nt.125.nhi
nt.125.nhd
nt.125.nog
nt.125.nxm
nt.126.nin
nt.126.nhr
nt.126.nsq
nt.126.nni
nt.126.nnd
nt.126.nhi
nt.126.nhd
nt.126.nog
nt.126.nxm
nt.127.nin
nt.127.nhr
nt.127.nsq
nt.127.nni
nt.127.nnd
nt.127.nhi
nt.127.nhd
nt.127.nog
nt.127.nxm
nt.128.nin
nt.128.nhr
nt.128.nsq
nt.128.nni
nt.128.nnd
nt.128.nhi
nt.128.nhd
nt.128.nog
nt.128.nxm
nt.129.nin
nt.129.nhr
nt.129.nsq
nt.129.nni
nt.129.nnd
nt.129.nhi
nt.129.nhd
nt.129.nog
nt.129.nxm
nt.130.nin
nt.130.nhr
nt.130.nsq
nt.130.nni
nt.130.nnd
nt.130.nhi
nt.130.nhd
nt.130.nog
nt.130.nxm
nt.131.nin
nt.131.nhr
nt.131.nsq
nt.131.nni
nt.131.nnd
nt.131.nhi
nt.131.nhd
nt.131.nog
nt.131.nxm
nt.132.nin
nt.132.nhr
nt.132.nsq
nt.132.nni
nt.132.nnd
nt.132.nhi
nt.132.nhd
nt.132.nog
nt.132.nxm
nt.133.nin
nt.133.nhr
nt.133.nsq
nt.133.nni
nt.133.nnd
nt.133.nhi
nt.133.nhd
nt.133.nog
nt.133.nxm
nt.134.nin
nt.134.nhr
nt.134.nsq
nt.134.nni
nt.134.nnd
nt.134.nhi
nt.134.nhd
nt.134.nog
nt.134.nxm
nt.135.nin
nt.135.nhr
nt.135.nsq
nt.135.nni
nt.135.nnd
nt.135.nhi
nt.135.nhd
nt.135.nog
nt.135.nxm
nt.136.nin
nt.136.nhr
nt.136.nsq
nt.136.nni
nt.136.nnd
nt.136.nhi
nt.136.nhd
nt.136.nog
nt.136.nxm
nt.137.nin
nt.137.nhr
nt.137.nsq
nt.137.nni
nt.137.nnd
nt.137.nhi
nt.137.nhd
nt.137.nog
nt.137.nxm
nt.138.nin
nt.138.nhr
nt.138.nsq
nt.138.nni
nt.138.nnd
nt.138.nhi
nt.138.nhd
nt.138.nog
nt.138.nxm
nt.139.nin
nt.139.nhr
nt.139.nsq
nt.139.nni
nt.139.nnd
nt.139.nhi
nt.139.nhd
nt.139.nog
nt.139.nxm
nt.140.nin
nt.140.nhr
nt.140.nsq
nt.140.nni
nt.140.nnd
nt.140.nhi
nt.140.nhd
nt.140.nog
nt.140.nxm
nt.141.nin
nt.141.nhr
nt.141.nsq
nt.141.nni
nt.141.nnd
nt.141.nhi
nt.141.nhd
nt.141.nog
nt.141.nxm
nt.142.nin
nt.142.nhr
nt.142.nsq
nt.142.nni
nt.142.nnd
nt.142.nhi
nt.142.nhd
nt.142.nog
nt.142.nxm
nt.143.nin
nt.143.nhr
nt.143.nsq
nt.143.nni
nt.143.nnd
nt.143.nhi
nt.143.nhd
nt.143.nog
nt.143.nxm
nt.144.nin
nt.144.nhr
nt.144.nsq
nt.144.nni
nt.144.nnd
nt.144.nhi
nt.144.nhd
nt.144.nog
nt.144.nxm
nt.145.nin
nt.145.nhr
nt.145.nsq
nt.145.nni
nt.145.nnd
nt.145.nhi
nt.145.nhd
nt.145.nog
nt.145.nxm
nt.146.nin
nt.146.nhr
nt.146.nsq
nt.146.nni
nt.146.nnd
nt.146.nhi
nt.146.nhd
nt.146.nog
nt.146.nxm
nt.147.nin
nt.147.nhr
nt.147.nsq
nt.147.nni
nt.147.nnd
nt.147.nhi
nt.147.nhd
nt.147.nog
nt.147.nxm
nt.148.nin
nt.148.nhr
nt.148.nsq
nt.148.nni
nt.148.nnd
nt.148.nhi
nt.148.nhd
nt.148.nog
nt.148.nxm
nt.149.nin
nt.149.nhr
nt.149.nsq
nt.149.nni
nt.149.nnd
nt.149.nhi
nt.149.nhd
nt.149.nog
nt.149.nxm
nt.150.nin
nt.150.nhr
nt.150.nsq
nt.150.nni
nt.150.nnd
nt.150.nhi
nt.150.nhd
nt.150.nog
nt.150.nxm
nt.151.nin
nt.151.nhr
nt.151.nsq
nt.151.nni
nt.151.nnd
nt.151.nhi
nt.151.nhd
nt.151.nog
nt.151.nxm
nt.152.nin
nt.152.nhr
nt.152.nsq
nt.152.nni
nt.152.nnd
nt.152.nhi
nt.152.nhd
nt.152.nog
nt.152.nxm
nt.153.nin
nt.153.nhr
nt.153.nsq
nt.153.nni
nt.153.nnd
nt.153.nhi
nt.153.nhd
nt.153.nog
nt.153.nxm
nt.154.nin
nt.154.nhr
nt.154.nsq
nt.154.nni
nt.154.nnd
nt.154.nhi
nt.154.nhd
nt.154.nog
nt.154.nxm
nt.155.nin
nt.155.nhr
nt.155.nsq
nt.155.nni
nt.155.nnd
nt.155.nhi
nt.155.nhd
nt.155.nog
nt.155.nxm
nt.156.nin
nt.156.nhr
nt.156.nsq
nt.156.nni
nt.156.nnd
nt.156.nhi
nt.156.nhd
nt.156.nog
nt.156.nxm
nt.157.nin
nt.157.nhr
nt.157.nsq
nt.157.nni
nt.157.nnd
nt.157.nhi
nt.157.nhd
nt.157.nog
nt.157.nxm
nt.158.nin
nt.158.nhr
nt.158.nsq
nt.158.nni
nt.158.nnd
nt.158.nhi
nt.158.nhd
nt.158.nog
nt.158.nxm
nt.159.nin
nt.159.nhr
nt.159.nsq
nt.159.nni
nt.159.nnd
nt.159.nhi
nt.159.nhd
nt.159.nog
nt.159.nxm
nt.160.nin
nt.160.nhr
nt.160.nsq
nt.160.nni
nt.160.nnd
nt.160.nhi
nt.160.nhd
nt.160.nog
nt.160.nxm
nt.161.nin
nt.161.nhr
nt.161.nsq
nt.161.nni
nt.161.nnd
nt.161.nhi
nt.161.nhd
nt.161.nog
nt.161.nxm
nt.162.nin
nt.162.nhr
nt.162.nsq
nt.162.nni
nt.162.nnd
nt.162.nhi
nt.162.nhd
nt.162.nog
nt.162.nxm
nt.163.nin
nt.163.nhr
nt.163.nsq
nt.163.nni
nt.163.nnd
nt.163.nhi
nt.163.nhd
nt.163.nog
nt.163.nxm
nt.164.nin
nt.164.nhr
nt.164.nsq
nt.164.nni
nt.164.nnd
nt.164.nhi
nt.164.nhd
nt.164.nog
nt.164.nxm
nt.165.nin
nt.165.nhr
nt.165.nsq
nt.165.nni
nt.165.nnd
nt.165.nhi
nt.165.nhd
nt.165.nog
nt.165.nxm
nt.166.nin
nt.166.nhr
nt.166.nsq
nt.166.nni
nt.166.nnd
nt.166.nhi
nt.166.nhd
nt.166.nog
nt.166.nxm
nt.167.nin
nt.167.nhr
nt.167.nsq
nt.167.nni
nt.167.nnd
nt.167.nhi
nt.167.nhd
nt.167.nog
nt.167.nxm
nt.168.nin
nt.168.nhr
nt.168.nsq
nt.168.nni
nt.168.nnd
nt.168.nhi
nt.168.nhd
nt.168.nog
nt.168.nxm
nt.169.nin
nt.169.nhr
nt.169.nsq
nt.169.nni
nt.169.nnd
nt.169.nhi
nt.169.nhd
nt.169.nog
nt.169.nxm
nt.170.nin
nt.170.nhr
nt.170.nsq
nt.170.nni
nt.170.nnd
nt.170.nhi
nt.170.nhd
nt.170.nog
nt.170.nxm
nt.171.nin
nt.171.nhr
nt.171.nsq
nt.171.nni
nt.171.nnd
nt.171.nhi
nt.171.nhd
nt.171.nog
nt.171.nxm
nt.172.nin
nt.172.nhr
nt.172.nsq
nt.172.nni
nt.172.nnd
nt.172.nhi
nt.172.nhd
nt.172.nog
nt.172.nxm
nt.173.nin
nt.173.nhr
nt.173.nsq
nt.173.nni
nt.173.nnd
nt.173.nhi
nt.173.nhd
nt.173.nog
nt.173.nxm
nt.174.nin
nt.174.nhr
nt.174.nsq
nt.174.nni
nt.174.nnd
nt.174.nhi
nt.174.nhd
nt.174.nog
nt.174.nxm
nt.175.nin
nt.175.nhr
nt.175.nsq
nt.175.nni
nt.175.nnd
nt.175.nhi
nt.175.nhd
nt.175.nog
nt.175.nxm
nt.176.nin
nt.176.nhr
nt.176.nsq
nt.176.nni
nt.176.nnd
nt.176.nhi
nt.176.nhd
nt.176.nog
nt.176.nxm
nt.177.nin
nt.177.nhr
nt.177.nsq
nt.177.nni
nt.177.nnd
nt.177.nhi
nt.177.nhd
nt.177.nog
nt.177.nxm
nt.178.nin
nt.178.nhr
nt.178.nsq
nt.178.nni
nt.178.nnd
nt.178.nhi
nt.178.nhd
nt.178.nog
nt.178.nxm
nt.179.nin
nt.179.nhr
nt.179.nsq
nt.179.nni
nt.179.nnd
nt.179.nhi
nt.179.nhd
nt.179.nog
nt.179.nxm
nt.180.nin
nt.180.nhr
nt.180.nsq
nt.180.nni
nt.180.nnd
nt.180.nhi
nt.180.nhd
nt.180.nog
nt.180.nxm
nt.181.nin
nt.181.nhr
nt.181.nsq
nt.181.nni
nt.181.nnd
nt.181.nhi
nt.181.nhd
nt.181.nog
nt.181.nxm
nt.182.nin
nt.182.nhr
nt.182.nsq
nt.182.nni
nt.182.nnd
nt.182.nhi
nt.182.nhd
nt.182.nog
nt.182.nxm
nt.183.nin
nt.183.nhr
nt.183.nsq
nt.183.nni
nt.183.nnd
nt.183.nhi
nt.183.nhd
nt.183.nog
nt.183.nxm
nt.184.nin
nt.184.nhr
nt.184.nsq
nt.184.nni
nt.184.nnd
nt.184.nhi
nt.184.nhd
nt.184.nog
nt.184.nxm
nt.185.nin
nt.185.nhr
nt.185.nsq
nt.185.nni
nt.185.nnd
nt.185.nhi
nt.185.nhd
nt.185.nog
nt.185.nxm
nt.186.nin
nt.186.nhr
nt.186.nsq
nt.186.nni
nt.186.nnd
nt.186.nhi
nt.186.nhd
nt.186.nog
nt.186.nxm
nt.187.nin
nt.187.nhr
nt.187.nsq
nt.187.nni
nt.187.nnd
nt.187.nhi
nt.187.nhd
nt.187.nog
nt.187.nxm
nt.188.nin
nt.188.nhr
nt.188.nsq
nt.188.nni
nt.188.nnd
nt.188.nhi
nt.188.nhd
nt.188.nog
nt.188.nxm
nt.189.nin
nt.189.nhr
nt.189.nsq
nt.189.nni
nt.189.nnd
nt.189.nhi
nt.189.nhd
nt.189.nog
nt.189.nxm
nt.190.nin
nt.190.nhr
nt.190.nsq
nt.190.nni
nt.190.nnd
nt.190.nhi
nt.190.nhd
nt.190.nog
nt.190.nxm
nt.191.nin
nt.191.nhr
nt.191.nsq
nt.191.nni
nt.191.nnd
nt.191.nhi
nt.191.nhd
nt.191.nog
nt.191.nxm
nt.192.nin
nt.192.nhr
nt.192.nsq
nt.192.nni
nt.192.nnd
nt.192.nhi
nt.192.nhd
nt.192.nog
nt.192.nxm
nt.193.nin
nt.193.nhr
nt.193.nsq
nt.193.nni
nt.193.nnd
nt.193.nhi
nt.193.nhd
nt.193.nog
nt.193.nxm
nt.194.nin
nt.194.nhr
nt.194.nsq
nt.194.nni
nt.194.nnd
nt.194.nhi
nt.194.nhd
nt.194.nog
nt.194.nxm
nt.195.nin
nt.195.nhr
nt.195.nsq
nt.195.nni
nt.195.nnd
nt.195.nhi
nt.195.nhd
nt.195.nog
nt.195.nxm
nt.196.nin
nt.196.nhr
nt.196.nsq
nt.196.nni
nt.196.nnd
nt.196.nhi
nt.196.nhd
nt.196.nog
nt.196.nxm
nt.197.nin
nt.197.nhr
nt.197.nsq
nt.197.nni
nt.197.nnd
nt.197.nhi
nt.197.nhd
nt.197.nog
nt.197.nxm
nt.198.nin
nt.198.nhr
nt.198.nsq
nt.198.nni
nt.198.nnd
nt.198.nhi
nt.198.nhd
nt.198.nog
nt.198.nxm
nt.199.nin
nt.199.nhr
nt.199.nsq
nt.199.nni
nt.199.nnd
nt.199.nhi
nt.199.nhd
nt.199.nog
nt.199.nxm
nt.200.nin
nt.200.nhr
nt.200.nsq
nt.200.nni
nt.200.nnd
nt.200.nhi
nt.200.nhd
nt.200.nog
nt.200.nxm
nt.201.nin
nt.201.nhr
nt.201.nsq
nt.201.nni
nt.201.nnd
nt.201.nhi
nt.201.nhd
nt.201.nog
nt.201.nxm
nt.202.nin
nt.202.nhr
nt.202.nsq
nt.202.nni
nt.202.nnd
nt.202.nhi
nt.202.nhd
nt.202.nog
nt.202.nxm
nt.203.nin
nt.203.nhr
nt.203.nsq
nt.203.nni
nt.203.nnd
nt.203.nhi
nt.203.nhd
nt.203.nog
nt.203.nxm
nt.204.nin
nt.204.nhr
nt.204.nsq
nt.204.nni
nt.204.nnd
nt.204.nhi
nt.204.nhd
nt.204.nog
nt.204.nxm
nt.205.nin
nt.205.nhr
nt.205.nsq
nt.205.nni
nt.205.nnd
nt.205.nhi
nt.205.nhd
nt.205.nog
nt.205.nxm
nt.206.nin
nt.206.nhr
nt.206.nsq
nt.206.nni
nt.206.nnd
nt.206.nhi
nt.206.nhd
nt.206.nog
nt.206.nxm
nt.207.nin
nt.207.nhr
nt.207.nsq
nt.207.nni
nt.207.nnd
nt.207.nhi
nt.207.nhd
nt.207.nog
nt.207.nxm
nt.208.nin
nt.208.nhr
nt.208.nsq
nt.208.nni
nt.208.nnd
nt.208.nhi
nt.208.nhd
nt.208.nog
nt.208.nxm
nt.209.nin
nt.209.nhr
nt.209.nsq
nt.209.nni
nt.209.nnd
nt.209.nhi
nt.209.nhd
nt.209.nog
nt.209.nxm
nt.210.nin
nt.210.nhr
nt.210.nsq
nt.210.nni
nt.210.nnd
nt.210.nhi
nt.210.nhd
nt.210.nog
nt.210.nxm
nt.211.nin
nt.211.nhr
nt.211.nsq
nt.211.nni
nt.211.nnd
nt.211.nhi
nt.211.nhd
nt.211.nog
nt.211.nxm
nt.212.nin
nt.212.nhr
nt.212.nsq
nt.212.nni
nt.212.nnd
nt.212.nhi
nt.212.nhd
nt.212.nog
nt.212.nxm
nt.213.nin
nt.213.nhr
nt.213.nsq
nt.213.nni
nt.213.nnd
nt.213.nhi
nt.213.nhd
nt.213.nog
nt.213.nxm
nt.214.nin
nt.214.nhr
nt.214.nsq
nt.214.nni
nt.214.nnd
nt.214.nhi
nt.214.nhd
nt.214.nog
nt.214.nxm
nt.215.nin
nt.215.nhr
nt.215.nsq
nt.215.nni
nt.215.nnd
nt.215.nhi
nt.215.nhd
nt.215.nog
nt.215.nxm
nt.216.nin
nt.216.nhr
nt.216.nsq
nt.216.nni
nt.216.nnd
nt.216.nhi
nt.216.nhd
nt.216.nog
nt.216.nxm
nt.217.nin
nt.217.nhr
nt.217.nsq
nt.217.nni
nt.217.nnd
nt.217.nhi
nt.217.nhd
nt.217.nog
nt.217.nxm
nt.218.nin
nt.218.nhr
nt.218.nsq
nt.218.nni
nt.218.nnd
nt.218.nhi
nt.218.nhd
nt.218.nog
nt.218.nxm
nt.219.nin
nt.219.nhr
nt.219.nsq
nt.219.nni
nt.219.nnd
nt.219.nhi
nt.219.nhd
nt.219.nog
nt.219.nxm
nt.220.nin
nt.220.nhr
nt.220.nsq
nt.220.nni
nt.220.nnd
nt.220.nhi
nt.220.nhd
nt.220.nog
nt.220.nxm
nt.221.nin
nt.221.nhr
nt.221.nsq
nt.221.nni
nt.221.nnd
nt.221.nhi
nt.221.nhd
nt.221.nog
nt.221.nxm
nt.222.nin
nt.222.nhr
nt.222.nsq
nt.222.nni
nt.222.nnd
nt.222.nhi
nt.222.nhd
nt.222.nog
nt.222.nxm
nt.223.nin
nt.223.nhr
nt.223.nsq
nt.223.nni
nt.223.nnd
nt.223.nhi
nt.223.nhd
nt.223.nog
nt.223.nxm
nt.224.nin
nt.224.nhr
nt.224.nsq
nt.224.nni
nt.224.nnd
nt.224.nhi
nt.224.nhd
nt.224.nog
nt.224.nxm
nt.225.nin
nt.225.nhr
nt.225.nsq
nt.225.nni
nt.225.nnd
nt.225.nhi
nt.225.nhd
nt.225.nog
nt.225.nxm
nt.226.nin
nt.226.nhr
nt.226.nsq
nt.226.nni
nt.226.nnd
nt.226.nhi
nt.226.nhd
nt.226.nog
nt.226.nxm
nt.227.nin
nt.227.nhr
nt.227.nsq
nt.227.nni
nt.227.nnd
nt.227.nhi
nt.227.nhd
nt.227.nog
nt.227.nxm
nt.228.nin
nt.228.nhr
nt.228.nsq
nt.228.nni
nt.228.nnd
nt.228.nhi
nt.228.nhd
nt.228.nog
nt.228.nxm
nt.229.nin
nt.229.nhr
nt.229.nsq
nt.229.nni
nt.229.nnd
nt.229.nhi
nt.229.nhd
nt.229.nog
nt.229.nxm
nt.230.nin
nt.230.nhr
nt.230.nsq
nt.230.nni
nt.230.nnd
nt.230.nhi
nt.230.nhd
nt.230.nog
nt.230.nxm
nt.231.nin
nt.231.nhr
nt.231.nsq
nt.231.nni
nt.231.nnd
nt.231.nhi
nt.231.nhd
nt.231.nog
nt.231.nxm
nt.232.nin
nt.232.nhr
nt.232.nsq
nt.232.nni
nt.232.nnd
nt.232.nhi
nt.232.nhd
nt.232.nog
nt.232.nxm
nt.233.nin
nt.233.nhr
nt.233.nsq
nt.233.nni
nt.233.nnd
nt.233.nhi
nt.233.nhd
nt.233.nog
nt.233.nxm
nt.234.nin
nt.234.nhr
nt.234.nsq
nt.234.nni
nt.234.nnd
nt.234.nhi
nt.234.nhd
nt.234.nog
nt.234.nxm
nt.235.nin

gzip: stdin: invalid compressed data--format violated
tar: Unexpected EOF in archive
tar: Unexpected EOF in archive
tar: Error is not recoverable: exiting now
nt.236.nin
nt.236.nhr
nt.236.nsq
nt.236.nni
nt.236.nnd
nt.236.nhi
nt.236.nhd
nt.236.nog
nt.236.nxm
nt.237.nin
nt.237.nhr
nt.237.nsq
nt.237.nni
nt.237.nnd
nt.237.nhi
nt.237.nhd
nt.237.nog
nt.237.nxm
nt.238.nin
nt.238.nhr
nt.238.nsq
nt.238.nni
nt.238.nnd
nt.238.nhi
nt.238.nhd
nt.238.nog
nt.238.nxm
nt.239.nin
nt.239.nhr
nt.239.nsq
nt.239.nni
nt.239.nnd
nt.239.nhi
nt.239.nhd
nt.239.nog
nt.239.nxm
/work/02/gs58/s58009/rhofold/database/bin/curate.sh: line 31: 992775 Broken pipe             zcat nt.gz
     992776                       | grep -ohP "^\S+"
     992777 Killed                  | $bindir/fastaNA - > nt
